// Jest Snapshot v1, https://goo.gl/fbAQLP

exports[`<ToDoList /> renders correctly 1`] = `
<div
  className="center"
>
  <ul />
</div>
`;
